// Jest Snapshot v1, https://goo.gl/fbAQLP

exports[`render App correctly 1`] = `
<View
  collapsable={false}
  onGestureHandlerEvent={[Function]}
  onGestureHandlerStateChange={[Function]}
  onLayout={[Function]}
  style={
    Object {
      "flex": 1,
      "overflow": "hidden",
    }
  }
>
  <View
    importantForAccessibility="yes"
    style={
      Array [
        Object {
          "flex": 1,
        },
        Object {
          "transform": Array [
            Object {
              "translateX": 0,
            },
          ],
        },
        undefined,
      ]
    }
  >
    <View
      style={
        Object {
          "flex": 1,
        }
      }
    >
      <View
        collapsable={false}
        pointerEvents="auto"
        removeClippedSubviews={false}
        style={
          Array [
            Object {
              "flex": 1,
              "overflow": "hidden",
            },
            Array [
              Object {
                "bottom": 0,
                "left": 0,
                "position": "absolute",
                "right": 0,
                "top": 0,
              },
              Object {
                "opacity": 1,
              },
            ],
          ]
        }
      >
        <View
          style={
            Object {
              "flex": 1,
            }
          }
        >
          <View
            onLayout={[Function]}
            style={
              Object {
                "flex": 1,
              }
            }
          >
            <View
              collapsable={false}
              onGestureHandlerEvent={[Function]}
              onGestureHandlerStateChange={[Function]}
              style={
                Object {
                  "backgroundColor": "#eee",
                  "flex": 1,
                  "flexDirection": "column-reverse",
                  "overflow": "hidden",
                }
              }
            >
              <View
                style={
                  Object {
                    "flex": 1,
                  }
                }
              >
                <View
                  pointerEvents="auto"
                  style={
                    Object {
                      "bottom": 0,
                      "left": 0,
                      "opacity": 1,
                      "paddingTop": 64,
                      "position": "absolute",
                      "right": 0,
                      "top": 0,
                      "transform": Array [
                        Object {
                          "translateX": 0,
                        },
                        Object {
                          "translateY": 0,
                        },
                      ],
                    }
                  }
                >
                  <View
                    accessibilityElementsHidden={false}
                    style={
                      Object {
                        "backgroundColor": "#fff",
                        "flex": 1,
                      }
                    }
                  >
                    <View
                      style={
                        Object {
                          "alignItems": "center",
                          "backgroundColor": "#F5FCFF",
                          "flex": 1,
                          "justifyContent": "center",
                        }
                      }
                    >
                      <View
                        accessibilityRole="button"
                        accessibilityStates={Array []}
                        accessible={true}
                        focusable={true}
                        isTVSelectable={true}
                        onClick={[Function]}
                        onResponderGrant={[Function]}
                        onResponderMove={[Function]}
                        onResponderRelease={[Function]}
                        onResponderTerminate={[Function]}
                        onResponderTerminationRequest={[Function]}
                        onStartShouldSetResponder={[Function]}
                        style={
                          Object {
                            "opacity": 1,
                          }
                        }
                      >
                        <View
                          style={
                            Array [
                              Object {},
                            ]
                          }
                        >
                          <Text
                            style={
                              Array [
                                Object {
                                  "color": "#007AFF",
                                  "fontSize": 18,
                                  "padding": 8,
                                  "textAlign": "center",
                                },
                              ]
                            }
                          >
                            Open Drawer
                          </Text>
                        </View>
                      </View>
                      <Text>
                        Welcome to Market!
                      </Text>
                    </View>
                  </View>
                </View>
              </View>
              <View
                onLayout={[Function]}
                pointerEvents="box-none"
                style={
                  Object {
                    "left": 0,
                    "position": "absolute",
                    "right": 0,
                    "top": 0,
                  }
                }
              >
                <View
                  style={
                    Object {
                      "backgroundColor": "#fff",
                      "transform": Array [
                        Object {
                          "translateX": 0,
                        },
                      ],
                    }
                  }
                >
                  <View
                    onLayout={[Function]}
                    pointerEvents="box-none"
                    style={
                      Object {
                        "backgroundColor": "#fff",
                        "borderBottomColor": "#a7a7aa",
                        "borderBottomWidth": 0.5,
                        "height": 64,
                        "paddingBottom": 0,
                        "paddingLeft": 0,
                        "paddingRight": 0,
                        "paddingTop": 20,
                      }
                    }
                  >
                    <View
                      style={
                        Object {
                          "flex": 1,
                        }
                      }
                    >
                      <View
                        style={
                          Object {
                            "bottom": 0,
                            "flexDirection": "row",
                            "left": 0,
                            "position": "absolute",
                            "right": 0,
                            "top": 0,
                          }
                        }
                      >
                        <View
                          pointerEvents="box-none"
                          style={
                            Object {
                              "alignItems": "center",
                              "backgroundColor": "transparent",
                              "bottom": 0,
                              "flexDirection": "row",
                              "justifyContent": "center",
                              "left": 0,
                              "opacity": 1,
                              "position": "absolute",
                              "right": 0,
                              "top": 0,
                            }
                          }
                        >
                          <Text
                            accessibilityTraits="header"
                            allowFontScaling={false}
                            numberOfLines={1}
                            onLayout={[Function]}
                            style={
                              Object {
                                "color": "rgba(0, 0, 0, 0.9)",
                                "fontSize": 17,
                                "fontWeight": "600",
                                "marginHorizontal": 16,
                                "textAlign": "center",
                              }
                            }
                          />
                        </View>
                      </View>
                    </View>
                  </View>
                </View>
              </View>
            </View>
          </View>
        </View>
      </View>
    </View>
    <View
      collapsable={false}
      onGestureHandlerEvent={[Function]}
      onGestureHandlerStateChange={[Function]}
      style={
        Array [
          Object {
            "backgroundColor": "rgba(0, 0, 0, 0.5)",
            "bottom": 0,
            "left": 0,
            "position": "absolute",
            "right": 0,
            "top": 0,
          },
          Object {
            "opacity": undefined,
            "zIndex": undefined,
          },
          Object {
            "backgroundColor": "rgba(0, 0, 0, 0.5)",
          },
        ]
      }
    />
  </View>
  <View
    accessibilityViewIsModal={false}
    onLayout={[Function]}
    removeClippedSubviews={false}
    style={
      Array [
        Object {
          "backgroundColor": "white",
          "bottom": 0,
          "maxWidth": "100%",
          "position": "absolute",
          "top": 0,
          "width": "80%",
        },
        Object {
          "left": undefined,
        },
        Object {
          "opacity": Object {
            "setValue": [Function],
          },
          "transform": Array [
            Object {
              "translateX": undefined,
            },
          ],
          "zIndex": 0,
        },
        Object {
          "backgroundColor": "#fff",
          "width": 320,
        },
      ]
    }
  >
    <View
      style={
        Array [
          Object {
            "flex": 1,
          },
          undefined,
        ]
      }
    >
      <RCTScrollView
        alwaysBounceVertical={false}
      >
        <View>
          <View
            onLayout={[Function]}
            pointerEvents="box-none"
            style={
              Object {
                "paddingBottom": 0,
                "paddingLeft": 0,
                "paddingRight": 0,
                "paddingTop": 20,
              }
            }
          >
            <View
              style={
                Array [
                  Object {
                    "paddingVertical": 4,
                  },
                  undefined,
                ]
              }
            >
              <View
                accessibilityLabel="Home"
                accessible={true}
                focusable={true}
                isTVSelectable={true}
                onClick={[Function]}
                onResponderGrant={[Function]}
                onResponderMove={[Function]}
                onResponderRelease={[Function]}
                onResponderTerminate={[Function]}
                onResponderTerminationRequest={[Function]}
                onStartShouldSetResponder={[Function]}
                style={
                  Object {
                    "opacity": 1,
                  }
                }
              >
                <View
                  onLayout={[Function]}
                  pointerEvents="box-none"
                  style={
                    Object {
                      "alignItems": "center",
                      "backgroundColor": "rgba(0, 0, 0, .04)",
                      "flexDirection": "row",
                      "paddingBottom": 0,
                      "paddingLeft": 0,
                      "paddingRight": 0,
                      "paddingTop": 0,
                    }
                  }
                >
                  <Text
                    style={
                      Array [
                        Object {
                          "fontWeight": "bold",
                          "margin": 16,
                        },
                        Object {
                          "color": "#2196f3",
                        },
                        undefined,
                        undefined,
                      ]
                    }
                  >
                    Home
                  </Text>
                </View>
              </View>
              <View
                accessibilityLabel="Products"
                accessible={true}
                focusable={true}
                isTVSelectable={true}
                onClick={[Function]}
                onResponderGrant={[Function]}
                onResponderMove={[Function]}
                onResponderRelease={[Function]}
                onResponderTerminate={[Function]}
                onResponderTerminationRequest={[Function]}
                onStartShouldSetResponder={[Function]}
                style={
                  Object {
                    "opacity": 1,
                  }
                }
              >
                <View
                  onLayout={[Function]}
                  pointerEvents="box-none"
                  style={
                    Object {
                      "alignItems": "center",
                      "backgroundColor": "transparent",
                      "flexDirection": "row",
                      "paddingBottom": 0,
                      "paddingLeft": 0,
                      "paddingRight": 0,
                      "paddingTop": 0,
                    }
                  }
                >
                  <Text
                    style={
                      Array [
                        Object {
                          "fontWeight": "bold",
                          "margin": 16,
                        },
                        Object {
                          "color": "rgba(0, 0, 0, .87)",
                        },
                        undefined,
                        undefined,
                      ]
                    }
                  >
                    Products
                  </Text>
                </View>
              </View>
            </View>
          </View>
        </View>
      </RCTScrollView>
    </View>
  </View>
</View>
`;
